[html.kodesolution.com/2025/consultez-html-v2/index-5.html]
[backblue.gif]
[fade.gif]
[index.html]
[html.kodesolution.com/2025/consultez-html-v2/css/bootstrap.min.css]
[html.kodesolution.com/2025/consultez-html-v2/css/flatpickr.min.css]
[html.kodesolution.com/2025/consultez-html-v2/css/style.css]
[html.kodesolution.com/2025/consultez-html-v2/css/slick-theme.css]
[html.kodesolution.com/2025/consultez-html-v2/css/slick.css]
[html.kodesolution.com/2025/consultez-html-v2/images/favicon.png]
[html.kodesolution.com/2025/consultez-html-v2/index.html]
[html.kodesolution.com/2025/consultez-html-v2/images/logo.png]
[html.kodesolution.com/2025/consultez-html-v2/index-2.html]
[html.kodesolution.com/2025/consultez-html-v2/index-3.html]
[html.kodesolution.com/2025/consultez-html-v2/index-4.html]
[html.kodesolution.com/2025/consultez-html-v2/index-6.html]
[html.kodesolution.com/2025/consultez-html-v2/index-7.html]
[html.kodesolution.com/2025/consultez-html-v2/index-1-single.html]
[html.kodesolution.com/2025/consultez-html-v2/index-2-single.html]
[html.kodesolution.com/2025/consultez-html-v2/index-3-single.html]
[html.kodesolution.com/2025/consultez-html-v2/index-4-single.html]
[html.kodesolution.com/2025/consultez-html-v2/index-5-single.html]
[html.kodesolution.com/2025/consultez-html-v2/index-6-single.html]
[html.kodesolution.com/2025/consultez-html-v2/index-7-single.html]
[html.kodesolution.com/2025/consultez-html-v2/index-1-dark.html]
[html.kodesolution.com/2025/consultez-html-v2/index-2-dark.html]
[html.kodesolution.com/2025/consultez-html-v2/index-3-dark.html]
[html.kodesolution.com/2025/consultez-html-v2/index-4-dark.html]
[html.kodesolution.com/2025/consultez-html-v2/index-5-dark.html]
[html.kodesolution.com/2025/consultez-html-v2/index-6-dark.html]
[html.kodesolution.com/2025/consultez-html-v2/index-7-dark.html]
[html.kodesolution.com/2025/consultez-html-v2/index-1-rtl.html]
[html.kodesolution.com/2025/consultez-html-v2/page-about.html]
[html.kodesolution.com/2025/consultez-html-v2/page-faq.html]
[html.kodesolution.com/2025/consultez-html-v2/page-pricing.html]
[html.kodesolution.com/2025/consultez-html-v2/page-team.html]
[html.kodesolution.com/2025/consultez-html-v2/page-team-details.html]
[html.kodesolution.com/2025/consultez-html-v2/shop-products.html]
[html.kodesolution.com/2025/consultez-html-v2/shop-products-sidebar.html]
[html.kodesolution.com/2025/consultez-html-v2/shop-product-details.html]
[html.kodesolution.com/2025/consultez-html-v2/shop-cart.html]
[html.kodesolution.com/2025/consultez-html-v2/shop-checkout.html]
[html.kodesolution.com/2025/consultez-html-v2/page-testimonial.html]
[html.kodesolution.com/2025/consultez-html-v2/page-404.html]
[html.kodesolution.com/2025/consultez-html-v2/page-services.html]
[html.kodesolution.com/2025/consultez-html-v2/page-service-details.html]
[html.kodesolution.com/2025/consultez-html-v2/page-case.html]
[html.kodesolution.com/2025/consultez-html-v2/page-case-details.html]
[html.kodesolution.com/2025/consultez-html-v2/news-grid.html]
[html.kodesolution.com/2025/consultez-html-v2/news-details.html]
[html.kodesolution.com/2025/consultez-html-v2/page-contact.html]
[html.kodesolution.com/2025/consultez-html-v2/images/logo-light.png]
[html.kodesolution.com/2025/consultez-html-v2/images/shape/banner-five-shape.png]
[html.kodesolution.com/2025/consultez-html-v2/images/banner/banner-five-image.jpg]
[html.kodesolution.com/2025/consultez-html-v2/images/clients/1.png]
[html.kodesolution.com/2025/consultez-html-v2/images/clients/2.png]
[html.kodesolution.com/2025/consultez-html-v2/images/clients/3.png]
[html.kodesolution.com/2025/consultez-html-v2/images/clients/4.png]
[html.kodesolution.com/2025/consultez-html-v2/images/clients/5.png]
[html.kodesolution.com/2025/consultez-html-v2/images/about/about-01.png]
[html.kodesolution.com/2025/consultez-html-v2/images/about/about-user.png]
[html.kodesolution.com/2025/consultez-html-v2/images/about/signature.png]
[html.kodesolution.com/2025/consultez-html-v2/images/shape/hz-accordion-shape.png]
[html.kodesolution.com/2025/consultez-html-v2/images/service/service-one-image1.jpg]
[html.kodesolution.com/2025/consultez-html-v2/images/service/service-one-image2.jpg]
[html.kodesolution.com/2025/consultez-html-v2/images/service/service-one-image3.jpg]
[html.kodesolution.com/2025/consultez-html-v2/images/service/service-one-image4.jpg]
[html.kodesolution.com/2025/consultez-html-v2/images/choose/choose-image1.jpg]
[html.kodesolution.com/2025/consultez-html-v2/images/bg/growth-bg-2.jpg]
[html.kodesolution.com/2025/consultez-html-v2/images/shape/growth-shape.png]
[html.kodesolution.com/2025/consultez-html-v2/images/case/case-image1.jpg]
[html.kodesolution.com/2025/consultez-html-v2/images/case/case-image2.jpg]
[html.kodesolution.com/2025/consultez-html-v2/images/case/case-image3.jpg]
[html.kodesolution.com/2025/consultez-html-v2/images/case/case-image4.jpg]
[html.kodesolution.com/2025/consultez-html-v2/images/shape/dual-circle.png]
[html.kodesolution.com/2025/consultez-html-v2/images/faq/faq-image1.jpg]
[html.kodesolution.com/2025/consultez-html-v2/images/shape/faq-map.png]
[html.kodesolution.com/2025/consultez-html-v2/images/team/team-five-image1.jpg]
[html.kodesolution.com/2025/consultez-html-v2/images/team/team-five-image2.jpg]
[html.kodesolution.com/2025/consultez-html-v2/images/team/team-five-image3.jpg]
[html.kodesolution.com/2025/consultez-html-v2/images/shape/stategy-globe.png]
[html.kodesolution.com/2025/consultez-html-v2/images/strategy/strategy-image-2.jpg]
[html.kodesolution.com/2025/consultez-html-v2/images/strategy/strategy-info.png]
[html.kodesolution.com/2025/consultez-html-v2/images/resource/testi-thumb-1.jpg]
[html.kodesolution.com/2025/consultez-html-v2/images/resource/netflix.png]
[html.kodesolution.com/2025/consultez-html-v2/images/resource/testi-thumb-2.jpg]
[html.kodesolution.com/2025/consultez-html-v2/images/resource/shopify.png]
[html.kodesolution.com/2025/consultez-html-v2/images/resource/testi-thumb-3.jpg]
[html.kodesolution.com/2025/consultez-html-v2/images/resource/spotify.png]
[html.kodesolution.com/2025/consultez-html-v2/images/bg/contact-six-bg.jpg]
[html.kodesolution.com/2025/consultez-html-v2/images/contact/contact-six-image.jpg]
[html.kodesolution.com/2025/consultez-html-v2/contact.html]
[html.kodesolution.com/2025/consultez-html-v2/images/blog/blog-image1.jpg]
[html.kodesolution.com/2025/consultez-html-v2/images/blog/blog-image2.jpg]
[html.kodesolution.com/2025/consultez-html-v2/images/blog/blog-image3.jpg]
[html.kodesolution.com/2025/consultez-html-v2/images/shape/footer-one-shape.png]
[html.kodesolution.com/cdn-cgi/scripts/5c5dd728/cloudflare-static/email-decode.min.js]
[html.kodesolution.com/2025/consultez-html-v2/js/jquery.js]
[html.kodesolution.com/2025/consultez-html-v2/js/popper.min.js]
[html.kodesolution.com/2025/consultez-html-v2/js/bootstrap.min.js]
[html.kodesolution.com/2025/consultez-html-v2/js/slick.min.js]
[html.kodesolution.com/2025/consultez-html-v2/js/slick-animation.min.js]
[html.kodesolution.com/2025/consultez-html-v2/js/jquery.fancybox.js]
[html.kodesolution.com/2025/consultez-html-v2/js/wow.js]
[html.kodesolution.com/2025/consultez-html-v2/js/appear.js]
[html.kodesolution.com/2025/consultez-html-v2/js/mixitup.js]
[html.kodesolution.com/2025/consultez-html-v2/js/flatpickr.js]
[html.kodesolution.com/2025/consultez-html-v2/js/swiper.min.js]
[html.kodesolution.com/2025/consultez-html-v2/js/gsap.min.js]
[html.kodesolution.com/2025/consultez-html-v2/js/ScrollTrigger.min.js]
[html.kodesolution.com/2025/consultez-html-v2/js/SplitText.min.js]
[html.kodesolution.com/2025/consultez-html-v2/js/nice-select.min.js]
[html.kodesolution.com/2025/consultez-html-v2/js/knob.js]
[html.kodesolution.com/2025/consultez-html-v2/js/parallax.js]
[html.kodesolution.com/2025/consultez-html-v2/js/vanilla-tilt.js]
[html.kodesolution.com/2025/consultez-html-v2/js/splitting.js]
[html.kodesolution.com/2025/consultez-html-v2/js/splitType.js]
[html.kodesolution.com/2025/consultez-html-v2/js/script-gsap.js]
[html.kodesolution.com/2025/consultez-html-v2/js/script.js]
[html.kodesolution.com/2025/consultez-html-v2/js/jquery.validate.min.js]
[html.kodesolution.com/2025/consultez-html-v2/js/jquery.form.min.js]
[html.kodesolution.com/2025/consultez-html-v2/index-5.html]
[html.kodesolution.com/2025/consultez-html-v2/css/bootstrap.min.css]
[html.kodesolution.com/2025/consultez-html-v2/css/flatpickr.min.css]
[html.kodesolution.com/2025/consultez-html-v2/js/contact-custom.js]
[html.kodesolution.com/2025/consultez-html-v2/css/animate.css]
[html.kodesolution.com/2025/consultez-html-v2/css/swiper.min.css]
[html.kodesolution.com/2025/consultez-html-v2/css/jquery.fancybox.min.css]
[html.kodesolution.com/2025/consultez-html-v2/css/nice-select.css]
[html.kodesolution.com/2025/consultez-html-v2/css/linear.css]
[html.kodesolution.com/2025/consultez-html-v2/css/fontawesome-free.css]
[html.kodesolution.com/2025/consultez-html-v2/css/fontawesome.css]
[html.kodesolution.com/2025/consultez-html-v2/css/flaticon-business.css]
[html.kodesolution.com/2025/consultez-html-v2/css/tm-bs-mp.css]
[html.kodesolution.com/2025/consultez-html-v2/css/tm-utility-classes.css]
[html.kodesolution.com/2025/consultez-html-v2/images/icons/pattern-1.png]
[html.kodesolution.com/2025/consultez-html-v2/images/banner/home6-banne-pattern.png]
[html.kodesolution.com/2025/consultez-html-v2/images/icon/arrow-shape1.png]
[html.kodesolution.com/2025/consultez-html-v2/images/resource/pattern3.png]
[html.kodesolution.com/2025/consultez-html-v2/images/icons/shape-12.png]
[html.kodesolution.com/2025/consultez-html-v2/images/icons/shape-10.png]
[html.kodesolution.com/2025/consultez-html-v2/images/icons/bg-shape.png]
[html.kodesolution.com/2025/consultez-html-v2/images/resource/pattern-4.png]
[html.kodesolution.com/2025/consultez-html-v2/images/icons/pattern-7.png]
[html.kodesolution.com/2025/consultez-html-v2/images/icons/pattern-3.png]
[html.kodesolution.com/2025/consultez-html-v2/images/icons/cat-1-bg.png]
[html.kodesolution.com/2025/consultez-html-v2/images/icons/cat-2-bg.png]
[html.kodesolution.com/2025/consultez-html-v2/images/icons/cat-3-bg.png]
[html.kodesolution.com/2025/consultez-html-v2/images/icons/cat-4-bg.png]
[html.kodesolution.com/2025/consultez-html-v2/images/icons/pattern-8.png]
[html.kodesolution.com/2025/consultez-html-v2/images/icons/shape-7.png]
[html.kodesolution.com/2025/consultez-html-v2/images/background/page-title-pattern.png]
[html.kodesolution.com/2025/consultez-html-v2/css/style.css]
[html.kodesolution.com/2025/consultez-html-v2/css/slick-theme.css]
[html.kodesolution.com/2025/consultez-html-v2/css/slick.css]
[html.kodesolution.com/2025/consultez-html-v2/images/shape/banner-arry.png]
[html.kodesolution.com/2025/consultez-html-v2/images/shape/banner-shape.png]
[html.kodesolution.com/2025/consultez-html-v2/images/banner/banner-image1.jpg]
[html.kodesolution.com/2025/consultez-html-v2/images/banner/banner-image2.jpg]
[html.kodesolution.com/2025/consultez-html-v2/images/banner/banner-image3.jpg]
[html.kodesolution.com/2025/consultez-html-v2/images/about/about-image1.jpg]
[html.kodesolution.com/2025/consultez-html-v2/images/about/about-info.png]
[html.kodesolution.com/2025/consultez-html-v2/images/about/about-image2.jpg]
[html.kodesolution.com/2025/consultez-html-v2/images/shape/service-shape.png]
[html.kodesolution.com/2025/consultez-html-v2/images/shape/service-line.png]
[html.kodesolution.com/2025/consultez-html-v2/images/shape/service-arry.png]
[html.kodesolution.com/2025/consultez-html-v2/images/shape/service-item-shape.png]
[html.kodesolution.com/2025/consultez-html-v2/images/service/service-image1.jpg]
[html.kodesolution.com/2025/consultez-html-v2/images/service/service-image2.jpg]
[html.kodesolution.com/2025/consultez-html-v2/images/service/service-image3.jpg]
[html.kodesolution.com/2025/consultez-html-v2/images/bg/growth-bg.jpg]
[html.kodesolution.com/2025/consultez-html-v2/images/strategy/strategy-image.jpg]
[html.kodesolution.com/2025/consultez-html-v2/images/shape/team-shape.png]
[html.kodesolution.com/2025/consultez-html-v2/images/team/team-image1.jpg]
[html.kodesolution.com/2025/consultez-html-v2/images/team/team-image2.jpg]
[html.kodesolution.com/2025/consultez-html-v2/images/team/team-image3.jpg]
[html.kodesolution.com/2025/consultez-html-v2/images/team/team-image4.jpg]
[html.kodesolution.com/2025/consultez-html-v2/images/shape/testimonial-shape.png]
[html.kodesolution.com/2025/consultez-html-v2/images/testimonial/testimonial-image1.jpg]
[html.kodesolution.com/2025/consultez-html-v2/images/testimonial/testimonial-image2.jpg]
[html.kodesolution.com/2025/consultez-html-v2/index.html]
[html.kodesolution.com/2025/consultez-html-v2/images/banner/banner-two-shape.png]
[html.kodesolution.com/2025/consultez-html-v2/images/banner/banner-two-image.png]
[html.kodesolution.com/2025/consultez-html-v2/images/banner/banner-two-circle.png]
[html.kodesolution.com/2025/consultez-html-v2/images/banner/banner-two-info1.png]
[html.kodesolution.com/2025/consultez-html-v2/images/banner/banner-two-info2.png]
[html.kodesolution.com/2025/consultez-html-v2/images/banner/banner-two-info3.png]
[html.kodesolution.com/2025/consultez-html-v2/images/banner/banner-two-star.png]
[html.kodesolution.com/2025/consultez-html-v2/images/brand/brand-image1.png]
[html.kodesolution.com/2025/consultez-html-v2/images/brand/brand-image2.png]
[html.kodesolution.com/2025/consultez-html-v2/images/brand/brand-image3.png]
[html.kodesolution.com/2025/consultez-html-v2/images/brand/brand-image4.png]
[html.kodesolution.com/2025/consultez-html-v2/images/brand/brand-image5.png]
[html.kodesolution.com/2025/consultez-html-v2/images/about/about-two-image.jpg]
[html.kodesolution.com/2025/consultez-html-v2/images/about/about-two-info.png]
[html.kodesolution.com/2025/consultez-html-v2/images/about/about-two-info-line.png]
[html.kodesolution.com/2025/consultez-html-v2/images/about/about-two-user1.png]
[html.kodesolution.com/2025/consultez-html-v2/images/about/about-two-user2.png]
[html.kodesolution.com/2025/consultez-html-v2/images/about/about-two-user3.png]
[html.kodesolution.com/2025/consultez-html-v2/images/about/about-two-user4.png]
[html.kodesolution.com/2025/consultez-html-v2/images/about/about-two-line.png]
[html.kodesolution.com/2025/consultez-html-v2/images/shape/funface-dual-circle.png]
[html.kodesolution.com/2025/consultez-html-v2/images/shape/service-three-shape.png]
[html.kodesolution.com/2025/consultez-html-v2/images/service/service-three-image.jpg]
[html.kodesolution.com/2025/consultez-html-v2/images/bg/testimonial-two-bg.png]
[html.kodesolution.com/2025/consultez-html-v2/images/shape/dual-circle420.png]
[html.kodesolution.com/2025/consultez-html-v2/images/testimonial/testimonial-two-image.png]
[html.kodesolution.com/2025/consultez-html-v2/images/testimonial/testimonial-two-info1.png]
[html.kodesolution.com/2025/consultez-html-v2/images/testimonial/testimonial-two-info2.png]
[html.kodesolution.com/2025/consultez-html-v2/images/icon/testimonial-two-icon.png]
[html.kodesolution.com/2025/consultez-html-v2/images/shape/steps-line.png]
[html.kodesolution.com/2025/consultez-html-v2/images/bg/growth-two-bg.png]
[html.kodesolution.com/2025/consultez-html-v2/images/faq/faq-two-image.jpg]
[html.kodesolution.com/2025/consultez-html-v2/images/faq/faq-two-info.png]
[html.kodesolution.com/2025/consultez-html-v2/images/faq/faq-two-image-shape.png]
[html.kodesolution.com/2025/consultez-html-v2/images/gellery/gellery-image1.jpg]
[html.kodesolution.com/2025/consultez-html-v2/images/gellery/gellery-image2.jpg]
[html.kodesolution.com/2025/consultez-html-v2/images/gellery/gellery-image3.jpg]
[html.kodesolution.com/2025/consultez-html-v2/images/shape/feature-shape.png]
[html.kodesolution.com/2025/consultez-html-v2/images/strategy/strategy-two-chart.png]
[html.kodesolution.com/2025/consultez-html-v2/images/strategy/strategy-two-image.jpg]
[html.kodesolution.com/2025/consultez-html-v2/images/team/team-two-image1.jpg]
[html.kodesolution.com/2025/consultez-html-v2/images/team/team-two-image2.jpg]
[html.kodesolution.com/2025/consultez-html-v2/images/team/team-two-image3.jpg]
[html.kodesolution.com/2025/consultez-html-v2/images/team/team-two-image4.jpg]
[html.kodesolution.com/2025/consultez-html-v2/images/shape/contact-shape.png]
[html.kodesolution.com/2025/consultez-html-v2/images/contact/contact-image.png]
[html.kodesolution.com/2025/consultez-html-v2/images/blog/blog-two-image1.jpg]
[html.kodesolution.com/2025/consultez-html-v2/images/blog/blog-two-image2.jpg]
[html.kodesolution.com/2025/consultez-html-v2/images/blog/blog-two-image3.jpg]
[html.kodesolution.com/2025/consultez-html-v2/images/shape/globe-right.png]
[html.kodesolution.com/2025/consultez-html-v2/index-2.html]
[html.kodesolution.com/2025/consultez-html-v2/images/banner/banner-three-image1.jpg]
[html.kodesolution.com/2025/consultez-html-v2/images/about/about-three-info.png]
[html.kodesolution.com/2025/consultez-html-v2/images/about/about-three-image.jpg]
[html.kodesolution.com/2025/consultez-html-v2/images/shape/service-block-shape.png]
[html.kodesolution.com/2025/consultez-html-v2/images/bg/consult-bg.jpg]
[html.kodesolution.com/2025/consultez-html-v2/images/shape/consult-shape.png]
[html.kodesolution.com/2025/consultez-html-v2/images/icon/objective-icon1.png]
[html.kodesolution.com/2025/consultez-html-v2/images/icon/objective-icon2.png]
[html.kodesolution.com/2025/consultez-html-v2/images/icon/objective-icon3.png]
[html.kodesolution.com/2025/consultez-html-v2/images/shape/objective-triangle.png]
[html.kodesolution.com/2025/consultez-html-v2/images/about/about-three-image2.jpg]
[html.kodesolution.com/2025/consultez-html-v2/images/brand/brand-two-image1.png]
[html.kodesolution.com/2025/consultez-html-v2/images/brand/brand-two-image2.png]
[html.kodesolution.com/2025/consultez-html-v2/images/brand/brand-two-image3.png]
[html.kodesolution.com/2025/consultez-html-v2/images/brand/brand-two-image4.png]
[html.kodesolution.com/2025/consultez-html-v2/images/brand/brand-two-image5.png]
[html.kodesolution.com/2025/consultez-html-v2/images/shape/case-three-shape.png]
[html.kodesolution.com/2025/consultez-html-v2/images/case/case-three-image1.jpg]
[html.kodesolution.com/2025/consultez-html-v2/images/case/case-three-image2.jpg]
[html.kodesolution.com/2025/consultez-html-v2/images/case/case-three-image3.jpg]
[html.kodesolution.com/2025/consultez-html-v2/images/case/case-three-image4.jpg]
[html.kodesolution.com/2025/consultez-html-v2/images/shape/team-three-text.png]
[html.kodesolution.com/2025/consultez-html-v2/images/team/team-three-image1.jpg]
[html.kodesolution.com/2025/consultez-html-v2/images/team/team-three-image2.jpg]
[html.kodesolution.com/2025/consultez-html-v2/images/team/team-three-image3.jpg]
[html.kodesolution.com/2025/consultez-html-v2/images/team/team-three-image4.jpg]
[html.kodesolution.com/2025/consultez-html-v2/images/icon/testimonial-three-icon.png]
[html.kodesolution.com/2025/consultez-html-v2/images/testimonial/testimonial-three-image.png]
[html.kodesolution.com/2025/consultez-html-v2/images/blog/blog-three-image1.jpg]
[html.kodesolution.com/2025/consultez-html-v2/images/blog/blog-three-image2.jpg]
[html.kodesolution.com/2025/consultez-html-v2/images/blog/blog-three-image3.jpg]
[html.kodesolution.com/2025/consultez-html-v2/images/shape/cta-line.png]
[html.kodesolution.com/2025/consultez-html-v2/images/shape/cta-arry.png]
[html.kodesolution.com/2025/consultez-html-v2/index-3.html]
[html.kodesolution.com/2025/consultez-html-v2/images/banner/banner-four-shape.png]
[html.kodesolution.com/2025/consultez-html-v2/images/banner/banner-four-bg-shape.png]
[html.kodesolution.com/2025/consultez-html-v2/images/banner/banner-four-image.jpg]
[html.kodesolution.com/2025/consultez-html-v2/images/banner/banner-four-image2.jpg]
[html.kodesolution.com/2025/consultez-html-v2/images/banner/banner-four-image3.jpg]
[html.kodesolution.com/2025/consultez-html-v2/images/about/about-four-image1.jpg]
[html.kodesolution.com/2025/consultez-html-v2/images/about/about-four-image2.jpg]
[html.kodesolution.com/2025/consultez-html-v2/images/about/about-four-users.png]
[html.kodesolution.com/2025/consultez-html-v2/images/about/about-four-user.png]
[html.kodesolution.com/2025/consultez-html-v2/images/about/about-four-sign.png]
[html.kodesolution.com/2025/consultez-html-v2/images/shape/service-four-shape.png]
[html.kodesolution.com/2025/consultez-html-v2/images/choose/choose-four-image.png]
[html.kodesolution.com/2025/consultez-html-v2/images/choose/choose-four-shape.png]
[html.kodesolution.com/2025/consultez-html-v2/images/choose/choose-four-circle-btn.png]
[html.kodesolution.com/2025/consultez-html-v2/images/choose/choose-four-info.png]
[html.kodesolution.com/2025/consultez-html-v2/images/shape/funface-four-shape.png]
[html.kodesolution.com/2025/consultez-html-v2/images/process/image1.jpg]
[html.kodesolution.com/2025/consultez-html-v2/images/process/image2.jpg]
[html.kodesolution.com/2025/consultez-html-v2/images/shape/pricing-four-shape.png]
[html.kodesolution.com/2025/consultez-html-v2/images/shape/pricing-shape.png]
[html.kodesolution.com/2025/consultez-html-v2/images/shape/testimonial-four-map.png]
[html.kodesolution.com/2025/consultez-html-v2/images/testimonial/testimonial-four-hero.png]
[html.kodesolution.com/2025/consultez-html-v2/images/icon/testimonial-four-icon.png]
[html.kodesolution.com/2025/consultez-html-v2/images/shape/blog-four-shape.png]
[html.kodesolution.com/2025/consultez-html-v2/images/blog/blog-four-image1.jpg]
[html.kodesolution.com/2025/consultez-html-v2/images/blog/blog-four-image2.jpg]
[html.kodesolution.com/2025/consultez-html-v2/images/blog/blog-four-image3.jpg]
[html.kodesolution.com/2025/consultez-html-v2/page-policy.html]
[html.kodesolution.com/2025/consultez-html-v2/images/shape/globe-left.png]
[html.kodesolution.com/2025/consultez-html-v2/index-4.html]
[html.kodesolution.com/2025/consultez-html-v2/images/logo-2.png]
[html.kodesolution.com/2025/consultez-html-v2/images/banner/banner-11-1.png]
[html.kodesolution.com/2025/consultez-html-v2/images/banner/banner-1-3.png]
[html.kodesolution.com/2025/consultez-html-v2/images/banner/banner-1-2.png]
[html.kodesolution.com/2025/consultez-html-v2/images/resource/about6-1.jpg]
[html.kodesolution.com/2025/consultez-html-v2/images/icon/object-2.png]
[html.kodesolution.com/2025/consultez-html-v2/images/icon/object-1.png]
[html.kodesolution.com/2025/consultez-html-v2/images/resource/professional-image.jpg]
[html.kodesolution.com/2025/consultez-html-v2/page-projects.html]
[html.kodesolution.com/2025/consultez-html-v2/images/icon/globe.png]
[html.kodesolution.com/2025/consultez-html-v2/index-6.html]
[html.kodesolution.com/2025/consultez-html-v2/images/banner/banner-seven-image.jpg]
[html.kodesolution.com/2025/consultez-html-v2/images/banner/banner-five-bg-shape.png]
[html.kodesolution.com/2025/consultez-html-v2/images/banner/recept.jpg]
[html.kodesolution.com/2025/consultez-html-v2/images/banner/banner-user1.png]
[html.kodesolution.com/2025/consultez-html-v2/images/banner/banner-user2.png]
[html.kodesolution.com/2025/consultez-html-v2/images/banner/banner-user3.png]
[html.kodesolution.com/2025/consultez-html-v2/images/about/rectangle-shape.png]
[html.kodesolution.com/2025/consultez-html-v2/images/about/about-seven-image1.jpg]
[html.kodesolution.com/2025/consultez-html-v2/images/about/about-seven-image2.jpg]
[html.kodesolution.com/2025/consultez-html-v2/images/service/service-bg.jpg]
[html.kodesolution.com/2025/consultez-html-v2/images/shape/service-five-shape.png]
[html.kodesolution.com/2025/consultez-html-v2/service-details.html]
[html.kodesolution.com/2025/consultez-html-v2/service.html]
[html.kodesolution.com/2025/consultez-html-v2/images/choose/choose-image7.jpg]
[html.kodesolution.com/2025/consultez-html-v2/images/bg/steps-bg.jpg]
[html.kodesolution.com/2025/consultez-html-v2/images/resource/0_Business Meeting_Business People.mp4]
[html.kodesolution.com/2025/consultez-html-v2/images/shape/steps-pattarn-shape.png]
[html.kodesolution.com/2025/consultez-html-v2/images/team/team-four-image1.jpg]
[html.kodesolution.com/2025/consultez-html-v2/images/shape/team-shape-five.png]
[html.kodesolution.com/2025/consultez-html-v2/images/team/team-four-image2.jpg]
[html.kodesolution.com/2025/consultez-html-v2/images/team/team-four-image3.jpg]
[html.kodesolution.com/2025/consultez-html-v2/images/shape/testimonial-shape-six.png]
[html.kodesolution.com/2025/consultez-html-v2/images/testimonial/testimonial-image5.jpg]
[html.kodesolution.com/2025/consultez-html-v2/index-7.html]
[html.kodesolution.com/2025/consultez-html-v2/index-1-single.html]
[html.kodesolution.com/2025/consultez-html-v2/index-2-single.html]
[html.kodesolution.com/2025/consultez-html-v2/index-3-single.html]
[html.kodesolution.com/2025/consultez-html-v2/index-4-single.html]
[html.kodesolution.com/2025/consultez-html-v2/index-5-single.html]
[html.kodesolution.com/2025/consultez-html-v2/index-6-single.html]
[html.kodesolution.com/2025/consultez-html-v2/index-7-single.html]
[html.kodesolution.com/2025/consultez-html-v2/css/style-dark.css]
[html.kodesolution.com/2025/consultez-html-v2/images/about/about-info-dark.png]
[html.kodesolution.com/2025/consultez-html-v2/images/strategy/strategy-info-dark.png]
[html.kodesolution.com/2025/consultez-html-v2/index-1-dark.html]
[html.kodesolution.com/2025/consultez-html-v2/images/bg/growth-two-bg-dark.png]
[html.kodesolution.com/2025/consultez-html-v2/images/strategy/strategy-two-chart-dark.png]
[html.kodesolution.com/2025/consultez-html-v2/index-2-dark.html]
[html.kodesolution.com/2025/consultez-html-v2/images/about/about-three-info-dark.png]
[html.kodesolution.com/2025/consultez-html-v2/images/icon/objective-icon1-dark.png]
[html.kodesolution.com/2025/consultez-html-v2/images/icon/objective-icon2-dark.png]
[html.kodesolution.com/2025/consultez-html-v2/images/icon/objective-icon3-dark.png]
[html.kodesolution.com/2025/consultez-html-v2/index-3-dark.html]
[html.kodesolution.com/2025/consultez-html-v2/images/shape/pricing-shape-dark.png]
[html.kodesolution.com/2025/consultez-html-v2/images/shape/pricing-shape-active.png]
[html.kodesolution.com/2025/consultez-html-v2/index-4-dark.html]
[html.kodesolution.com/2025/consultez-html-v2/index-5-dark.html]
[html.kodesolution.com/2025/consultez-html-v2/index-6-dark.html]
[html.kodesolution.com/2025/consultez-html-v2/index-7-dark.html]
[html.kodesolution.com/2025/consultez-html-v2/index-1-rtl.html]
[html.kodesolution.com/2025/consultez-html-v2/css/style-rtl.css]
[html.kodesolution.com/2025/consultez-html-v2/images/bg/page-title-bg.jpg]
[html.kodesolution.com/2025/consultez-html-v2/page-about.html]
[html.kodesolution.com/2025/consultez-html-v2/images/background/page-title-bg.jpg]
[html.kodesolution.com/2025/consultez-html-v2/page-faq.html]
[html.kodesolution.com/2025/consultez-html-v2/page-pricing.html]
[html.kodesolution.com/2025/consultez-html-v2/page-team.html]
[html.kodesolution.com/2025/consultez-html-v2/js/jquery-ui.js]
[html.kodesolution.com/2025/consultez-html-v2/images/resource/team-details.jpg]
[html.kodesolution.com/2025/consultez-html-v2/page-team-details.html]
[html.kodesolution.com/2025/consultez-html-v2/images/resource/products/1.jpg]
[html.kodesolution.com/2025/consultez-html-v2/images/resource/products/2.jpg]
[html.kodesolution.com/2025/consultez-html-v2/images/resource/products/3.jpg]
[html.kodesolution.com/2025/consultez-html-v2/images/resource/products/4.jpg]
[html.kodesolution.com/2025/consultez-html-v2/images/resource/products/5.jpg]
[html.kodesolution.com/2025/consultez-html-v2/images/resource/products/6.jpg]
[html.kodesolution.com/2025/consultez-html-v2/images/resource/products/7.jpg]
[html.kodesolution.com/2025/consultez-html-v2/images/resource/products/8.jpg]
[html.kodesolution.com/2025/consultez-html-v2/shop-products.html]
[html.kodesolution.com/2025/consultez-html-v2/js/select2.min.js]
[html.kodesolution.com/2025/consultez-html-v2/shop-details.html]
[html.kodesolution.com/2025/consultez-html-v2/images/resource/products/thumb-1.jpg]
[html.kodesolution.com/2025/consultez-html-v2/images/resource/products/thumb-2.jpg]
[html.kodesolution.com/2025/consultez-html-v2/images/resource/products/thumb-3.jpg]
[html.kodesolution.com/2025/consultez-html-v2/shop-products-sidebar.html]
[html.kodesolution.com/2025/consultez-html-v2/images/resource/products/product-details.jpg]
[html.kodesolution.com/2025/consultez-html-v2/images/resource/products/product-details2.jpg]
[html.kodesolution.com/2025/consultez-html-v2/images/resource/products/product-details3.jpg]
[html.kodesolution.com/2025/consultez-html-v2/images/resource/testi-2.jpg]
[html.kodesolution.com/2025/consultez-html-v2/images/resource/testi-1.jpg]
[html.kodesolution.com/2025/consultez-html-v2/shop-product-details.html]
[html.kodesolution.com/2025/consultez-html-v2/shop-cart.html]
[html.kodesolution.com/2025/consultez-html-v2/shop-checkout.html]
[html.kodesolution.com/2025/consultez-html-v2/page-testimonial.html]
[html.kodesolution.com/2025/consultez-html-v2/js/bxslider.js]
[html.kodesolution.com/2025/consultez-html-v2/images/resource/404.jpg]
[html.kodesolution.com/2025/consultez-html-v2/js/swiper-bundle.min.js]
[html.kodesolution.com/2025/consultez-html-v2/page-404.html]
[html.kodesolution.com/2025/consultez-html-v2/page-services.html]
[html.kodesolution.com/2025/consultez-html-v2/js/owl.js]
[html.kodesolution.com/2025/consultez-html-v2/js/html5shiv.js]
[html.kodesolution.com/2025/consultez-html-v2/js/respond.js]
[html.kodesolution.com/2025/consultez-html-v2/images/resource/service-details.jpg]
[html.kodesolution.com/2025/consultez-html-v2/images/resource/service-details-2.jpg]
[html.kodesolution.com/2025/consultez-html-v2/images/resource/service-details-3.jpg]
[html.kodesolution.com/2025/consultez-html-v2/page-service-details.html]
[html.kodesolution.com/2025/consultez-html-v2/page-case.html]
[html.kodesolution.com/2025/consultez-html-v2/yourdomain.com]
[html.kodesolution.com/2025/consultez-html-v2/images/resource/project-details-1.jpg]
[html.kodesolution.com/2025/consultez-html-v2/images/resource/project-details-2.jpg]
[html.kodesolution.com/2025/consultez-html-v2/images/resource/project-details-3.jpg]
[html.kodesolution.com/2025/consultez-html-v2/images/resource/project-details-4.jpg]
[html.kodesolution.com/2025/consultez-html-v2/images/resource/pagination-bar.png]
[html.kodesolution.com/2025/consultez-html-v2/page-case-details.html]
[html.kodesolution.com/2025/consultez-html-v2/news-grid.html]
[html.kodesolution.com/2025/consultez-html-v2/images/resource/news-details.jpg]
[html.kodesolution.com/2025/consultez-html-v2/images/resource/blog1-1.jpg]
[html.kodesolution.com/2025/consultez-html-v2/images/resource/blog1-2.jpg]
[html.kodesolution.com/2025/consultez-html-v2/images/resource/blog1-3.jpg]
[html.kodesolution.com/2025/consultez-html-v2/news-details.html]
[html.kodesolution.com/2025/consultez-html-v2/page-contact.html]
[html.kodesolution.com/2025/consultez-html-v2/contact.html]
[html.kodesolution.com/2025/consultez-html-v2/css/animate.css]
[html.kodesolution.com/2025/consultez-html-v2/css/swiper.min.css]
[html.kodesolution.com/2025/consultez-html-v2/css/jquery.fancybox.min.css]
[html.kodesolution.com/2025/consultez-html-v2/css/nice-select.css]
[html.kodesolution.com/2025/consultez-html-v2/fonts/linearicons-free8429.eot]
[html.kodesolution.com/2025/consultez-html-v2/fonts/linearicons-free8429.ttf]
[html.kodesolution.com/2025/consultez-html-v2/fonts/linearicons-free8429.woff]
[html.kodesolution.com/2025/consultez-html-v2/css/linear.css]
[html.kodesolution.com/2025/consultez-html-v2/fonts/linearicons-free8429.svg]
[html.kodesolution.com/2025/consultez-html-v2/fonts/webfonts/fa-brands-400.woff2]
[html.kodesolution.com/2025/consultez-html-v2/fonts/webfonts/fa-brands-400.ttf]
[html.kodesolution.com/2025/consultez-html-v2/fonts/webfonts/fa-regular-400.woff2]
[html.kodesolution.com/2025/consultez-html-v2/fonts/webfonts/fa-regular-400.ttf]
[html.kodesolution.com/2025/consultez-html-v2/fonts/webfonts/fa-solid-900.woff2]
[html.kodesolution.com/2025/consultez-html-v2/fonts/webfonts/fa-solid-900.ttf]
[html.kodesolution.com/2025/consultez-html-v2/fonts/webfonts/fa-v4compatibility.woff2]
[html.kodesolution.com/2025/consultez-html-v2/css/fontawesome-free.css]
[html.kodesolution.com/2025/consultez-html-v2/fonts/webfonts/fa-v4compatibility.ttf]
[html.kodesolution.com/2025/consultez-html-v2/fonts/fa-brands-400.woff2]
[html.kodesolution.com/2025/consultez-html-v2/fonts/fa-brands-400.woff]
[html.kodesolution.com/2025/consultez-html-v2/fonts/fa-brands-400.ttf]
[html.kodesolution.com/2025/consultez-html-v2/fonts/fa-duotone-900.woff2]
[html.kodesolution.com/2025/consultez-html-v2/fonts/fa-duotone-900.woff]
[html.kodesolution.com/2025/consultez-html-v2/fonts/fa-duotone-900.ttf]
[html.kodesolution.com/2025/consultez-html-v2/fonts/fa-light-300.woff2]
[html.kodesolution.com/2025/consultez-html-v2/fonts/fa-light-300.woff]
[html.kodesolution.com/2025/consultez-html-v2/fonts/fa-regular-400.woff2]
[html.kodesolution.com/2025/consultez-html-v2/fonts/fa-light-300.ttf]
[html.kodesolution.com/2025/consultez-html-v2/fonts/fa-regular-400.woff]
[html.kodesolution.com/2025/consultez-html-v2/fonts/fa-regular-400.ttf]
[html.kodesolution.com/2025/consultez-html-v2/fonts/fa-solid-900.woff2]
[html.kodesolution.com/2025/consultez-html-v2/fonts/fa-solid-900.woff]
[html.kodesolution.com/2025/consultez-html-v2/fonts/fa-solid-900.ttf]
[html.kodesolution.com/2025/consultez-html-v2/fonts/fa-thin-100.woff2]
[html.kodesolution.com/2025/consultez-html-v2/fonts/fa-thin-100.woff]
[html.kodesolution.com/2025/consultez-html-v2/css/fontawesome.css]
[html.kodesolution.com/2025/consultez-html-v2/fonts/fa-thin-100.ttf]
[html.kodesolution.com/2025/consultez-html-v2/fonts/flaticon-business.eot]
[html.kodesolution.com/2025/consultez-html-v2/fonts/flaticon-businessd41d.eot]
[html.kodesolution.com/2025/consultez-html-v2/fonts/flaticon-business.woff2]
[html.kodesolution.com/2025/consultez-html-v2/fonts/flaticon-business.woff]
[html.kodesolution.com/2025/consultez-html-v2/fonts/flaticon-business.ttf]
[html.kodesolution.com/2025/consultez-html-v2/css/flaticon-business.css]
[html.kodesolution.com/2025/consultez-html-v2/css/tm-bs-mp.css]
[html.kodesolution.com/2025/consultez-html-v2/css/tm-utility-classes.css]
[html.kodesolution.com/2025/consultez-html-v2/images/icons/pattern-1.html]
[html.kodesolution.com/2025/consultez-html-v2/images/resource/pattern3.html]
[html.kodesolution.com/2025/consultez-html-v2/images/icons/shape-12.html]
[html.kodesolution.com/2025/consultez-html-v2/images/icons/shape-10.html]
[html.kodesolution.com/2025/consultez-html-v2/images/icons/bg-shape.html]
[html.kodesolution.com/2025/consultez-html-v2/images/resource/pattern-4.html]
[html.kodesolution.com/2025/consultez-html-v2/images/icons/pattern-7.html]
[html.kodesolution.com/2025/consultez-html-v2/images/icons/pattern-3.html]
[html.kodesolution.com/2025/consultez-html-v2/images/icons/cat-1-bg.html]
[html.kodesolution.com/2025/consultez-html-v2/images/icons/cat-2-bg.html]
[html.kodesolution.com/2025/consultez-html-v2/images/icons/cat-3-bg.html]
[html.kodesolution.com/2025/consultez-html-v2/images/icons/cat-4-bg.html]
[html.kodesolution.com/2025/consultez-html-v2/images/icons/pattern-8.html]
[html.kodesolution.com/2025/consultez-html-v2/images/icons/shape-7.html]
[html.kodesolution.com/2025/consultez-html-v2/page-policy.html]
[html.kodesolution.com/2025/consultez-html-v2/page-projects.html]
[html.kodesolution.com/2025/consultez-html-v2/service-details.html]
[html.kodesolution.com/2025/consultez-html-v2/service.html]
[html.kodesolution.com/2025/consultez-html-v2/css/style-dark.css]
[html.kodesolution.com/2025/consultez-html-v2/css/style-rtl.css]
[html.kodesolution.com/2025/consultez-html-v2/shop-details.html]
[html.kodesolution.com/2025/consultez-html-v2/js/swiper-bundle.min.html]
[html.kodesolution.com/2025/consultez-html-v2/yourdomain.html]
[html.kodesolution.com/2025/consultez-html-v2/fonts/linearicons-free8429.svg]
[html.kodesolution.com/2025/consultez-html-v2/fonts/flaticon-business.html]
[html.kodesolution.com/2025/consultez-html-v2/fonts/flaticon-businessd41d.html]
[html.kodesolution.com/2025/consultez-html-v2/fonts/flaticon-business.svg]
[html.kodesolution.com/2025/consultez-html-v2/fonts/flaticon-business.svg]
